Archive member included to satisfy reference by file (symbol)

/tmp/claude-1000/-home-walter-Documents-Git-eBookSync/72f27f4f-dd2a-4f0b-8ac7-4a2f6a2c0790/scratchpad/CEdev/lib/libc/allocator_standard.a(allocator_standard.o)
                              obj/COMICS.o (_malloc)
/tmp/claude-1000/-home-walter-Documents-Git-eBookSync/72f27f4f-dd2a-4f0b-8ac7-4a2f6a2c0790/scratchpad/CEdev/lib/libc/libc_os.a(memcpy.ce.o)
                              /tmp/claude-1000/-home-walter-Documents-Git-eBookSync/72f27f4f-dd2a-4f0b-8ac7-4a2f6a2c0790/scratchpad/CEdev/lib/libc/allocator_standard.a(allocator_standard.o) (_memcpy)

Merging object attributes


Discarded input sections

 .comment       0x00000000      0x4c9 obj/COMICS.o
 .note.GNU-stack
                0x00000000        0x0 obj/COMICS.o
 .init.weak_crt
                0x00000000       0x10 obj/COMICS.o
 .text          0x00000000        0x0 obj/crt0.o
 .data          0x00000000        0x0 obj/crt0.o
 .bss           0x00000000        0x0 obj/crt0.o
 .text          0x00000000        0x0 /tmp/claude-1000/-home-walter-Documents-Git-eBookSync/72f27f4f-dd2a-4f0b-8ac7-4a2f6a2c0790/scratchpad/CEdev/lib/libc/allocator_standard.a(allocator_standard.o)
 .data          0x00000000        0x0 /tmp/claude-1000/-home-walter-Documents-Git-eBookSync/72f27f4f-dd2a-4f0b-8ac7-4a2f6a2c0790/scratchpad/CEdev/lib/libc/allocator_standard.a(allocator_standard.o)
 .bss           0x00000000        0x0 /tmp/claude-1000/-home-walter-Documents-Git-eBookSync/72f27f4f-dd2a-4f0b-8ac7-4a2f6a2c0790/scratchpad/CEdev/lib/libc/allocator_standard.a(allocator_standard.o)
 .text._realloc
                0x00000000       0x7c /tmp/claude-1000/-home-walter-Documents-Git-eBookSync/72f27f4f-dd2a-4f0b-8ac7-4a2f6a2c0790/scratchpad/CEdev/lib/libc/allocator_standard.a(allocator_standard.o)
 .comment       0x00000000       0x70 /tmp/claude-1000/-home-walter-Documents-Git-eBookSync/72f27f4f-dd2a-4f0b-8ac7-4a2f6a2c0790/scratchpad/CEdev/lib/libc/allocator_standard.a(allocator_standard.o)
 .note.GNU-stack
                0x00000000        0x0 /tmp/claude-1000/-home-walter-Documents-Git-eBookSync/72f27f4f-dd2a-4f0b-8ac7-4a2f6a2c0790/scratchpad/CEdev/lib/libc/allocator_standard.a(allocator_standard.o)
 .text          0x00000000       0x21 /tmp/claude-1000/-home-walter-Documents-Git-eBookSync/72f27f4f-dd2a-4f0b-8ac7-4a2f6a2c0790/scratchpad/CEdev/lib/libc/libc_os.a(memcpy.ce.o)
 .data          0x00000000        0x0 /tmp/claude-1000/-home-walter-Documents-Git-eBookSync/72f27f4f-dd2a-4f0b-8ac7-4a2f6a2c0790/scratchpad/CEdev/lib/libc/libc_os.a(memcpy.ce.o)
 .bss           0x00000000        0x0 /tmp/claude-1000/-home-walter-Documents-Git-eBookSync/72f27f4f-dd2a-4f0b-8ac7-4a2f6a2c0790/scratchpad/CEdev/lib/libc/libc_os.a(memcpy.ce.o)

Memory Configuration

Name             Origin             Length             Attributes
prgm             0x00d1a87f         0x00400000
bss              0x00d052c6         0x0000ed12
*default*        0x00000000         0xffffffff

Linker script and memory map

                0x00d1a87f                        LOAD_ADDR = 0xd1a87f
                0x00d052c6                        BSSHEAP_LOW = 0xd052c6
                0x00d13fd8                        BSSHEAP_HIGH = 0xd13fd8
                0x00d1a87e                        STACK_HIGH = 0xd1a87e
                0x00000001                        __TICE__ = 0x1
                0x00d1a87f                        . = LOAD_ADDR

.header         0x00d1a87f       0x1f
 *(.header)
 .header        0x00d1a87f        0x3 obj/crt0.o
 *(.header.icon)
 .header.icon   0x00d1a882       0x1c obj/COMICS.o
                0x00d1a887                ___description

.init           0x00d1a89e      0x181
 *(.init)
 .init          0x00d1a89e      0x181 obj/crt0.o
                0x00d1a89e                __start
                0x00d1a8fb                __libload_library_FILEIOC
                0x00d1a905                _ti_Open
                0x00d1a909                _ti_Close
                0x00d1a90d                _ti_Write
                0x00d1a911                _ti_Delete
                0x00d1a915                _ti_Seek
                0x00d1a919                _ti_SetArchiveStatus
                0x00d1a91d                _ti_GetSize
                0x00d1a921                _ti_GetDataPtr
                0x00d1a925                _ti_SetGCBehavior
                0x00d1a929                __libload_library_GRAPHX
                0x00d1a932                _gfx_Begin
                0x00d1a936                _gfx_End
                0x00d1a93a                _gfx_SetColor
                0x00d1a93e                _gfx_FillScreen
                0x00d1a942                _gfx_SetDraw
                0x00d1a946                _gfx_SwapDraw
                0x00d1a94a                _gfx_Blit
                0x00d1a94e                _gfx_PrintStringXY
                0x00d1a952                _gfx_SetTextBGColor
                0x00d1a956                _gfx_SetTextFGColor
                0x00d1a95a                _gfx_FillRectangle_NoClip
                0x00d1a95e                _gfx_Wait
                0x00d1a962                __libload_library_KEYPADC
                0x00d1a96c                _kb_Scan
                0x00d1a970                __libload_library_SRLDRVCE
                0x00d1a97b                _srl_Open
                0x00d1a97f                _srl_Read
                0x00d1a983                _srl_Write
                0x00d1a987                _srl_GetCDCStandardDescriptors
                0x00d1a98b                _srl_UsbEventCallback
                0x00d1a98f                __libload_library_USBDRVCE
                0x00d1a99a                _usb_Init
                0x00d1a99e                _usb_Cleanup
                0x00d1a9a2                _usb_HandleEvents
                0x00d1a9a6                _usb_FindDevice
                0x00d1a9e3                ___exithl
                0x00d1a9e4                _exit.sp

.text           0x00d1aa1f     0x6925
 *(.text.unlikely .text.*_unlikely .text.unlikely.*)
 *(.text.exit .text.exit.*)
 *(.text.startup .text.startup.*)
 *(.text.hot .text.hot.*)
 *(SORT_BY_NAME(.text.sorted.*))
 *(.text .stub .text.* .gnu.linkonce.t.*)
 .text          0x00d1aa1f      0x63c obj/COMICS.o
                0x00d1aa1f                __land
                0x00d1aa23                __iand
                0x00d1aa3a                __bshru
                0x00d1aa44                __dcmp
                0x00d1aaa2                __frameset
                0x00d1aab0                __frameset0
                0x00d1aabb                __ftod
                0x00d1ab03                __idivs
                0x00d1ab0a                __idivu
                0x00d1ab12                __idvrms
                0x00d1ab40                __idvrmu
                0x00d1ab44                __idvrmu.hijack_a_iters_ude_dividend
                0x00d1ab5a                __imuls
                0x00d1ab5a                __imulu
                0x00d1ab8a                __indcallhl
                0x00d1ab8b                __ineg
                0x00d1ab8b                __sneg
                0x00d1ab94                __iremu
                0x00d1ab9b                __sshl
                0x00d1ab9b                __ishl
                0x00d1abc1                __ishru
                0x00d1abc6                __ishrs
                0x00d1ac02                __ishru_1
                0x00d1ac10                __ladd
                0x00d1ac16                __lcmpu
                0x00d1ac1e                __lcmpzero
                0x00d1ac1e                __lequzero
                0x00d1ac29                __ldivu
                0x00d1ac33                __ldivu_lremu_common
                0x00d1ac5b                __lladd
                0x00d1ac7f                __lland
                0x00d1acbb                __llcmps
                0x00d1ace8                __llcmpu
                0x00d1ad12                __llcmpzero
                0x00d1ad12                __llequzero
                0x00d1ad27                __lldivu
                0x00d1ad3b                __lldvrmu
                0x00d1ad42                __lldvrmu.hijack
                0x00d1ad99                __llmulu
                0x00d1adee                __llshl
                0x00d1ae08                __llshru
                0x00d1ae38                __llshrs
                0x00d1ae74                __llxor
                0x00d1aeb0                __lmuls
                0x00d1aeb0                __lmulu
                0x00d1af0c                __lshl
                0x00d1af19                __lshrs
                0x00d1af33                __lshru
                0x00d1af41                __lsub
                0x00d1af4b                __sand
                0x00d1af54                __sdivs
                0x00d1af60                __sdivu
                0x00d1af68                __sdvrms_abs
                0x00d1af88                __sdvrmu
                0x00d1af98                __setflag
                0x00d1afa2                __smuls
                0x00d1afa2                __smulu
                0x00d1afb5                __sor
                0x00d1afbe                __lxor
                0x00d1afc2                __ixor
                0x00d1afd9                _zx0_Decompress
 .text._csx_chunk_name
                0x00d1b05b       0x7c obj/COMICS.o
                0x00d1b05b                _csx_chunk_name
 .text._csx_open
                0x00d1b0d7      0x332 obj/COMICS.o
                0x00d1b0d7                _csx_open
 .text._map_chunk
                0x00d1b409       0x56 obj/COMICS.o
 .text._csx_delete
                0x00d1b45f       0x4a obj/COMICS.o
                0x00d1b45f                _csx_delete
 .text._csx_band
                0x00d1b4a9       0xb2 obj/COMICS.o
                0x00d1b4a9                _csx_band
 .text._input_reset
                0x00d1b55b       0xa1 obj/COMICS.o
                0x00d1b55b                _input_reset
 .text._input_scan
                0x00d1b5fc       0x76 obj/COMICS.o
                0x00d1b5fc                _input_scan
 .text._input_repeat
                0x00d1b672       0x86 obj/COMICS.o
                0x00d1b672                _input_repeat
 .text._input_idle
                0x00d1b6f8       0x2b obj/COMICS.o
                0x00d1b6f8                _input_idle
 .text._lib_open
                0x00d1b723       0xc3 obj/COMICS.o
                0x00d1b723                _lib_open
 .text._lib_get_book
                0x00d1b7e6       0x68 obj/COMICS.o
                0x00d1b7e6                _lib_get_book
 .text._lib_get_strip
                0x00d1b84e      0x177 obj/COMICS.o
                0x00d1b84e                _lib_get_strip
 .text._lib_book_read_count
                0x00d1b9c5       0x9b obj/COMICS.o
                0x00d1b9c5                _lib_book_read_count
 .text._lib_save_strip
                0x00d1ba60      0x11b obj/COMICS.o
                0x00d1ba60                _lib_save_strip
 .text._lib_set_book_read
                0x00d1bb7b      0x19f obj/COMICS.o
                0x00d1bb7b                _lib_set_book_read
 .text._lib_reset
                0x00d1bd1a       0x89 obj/COMICS.o
                0x00d1bd1a                _lib_reset
 .text._lib_title
                0x00d1bda3       0xaf obj/COMICS.o
                0x00d1bda3                _lib_title
 .text._main    0x00d1be52      0x115 obj/COMICS.o
                0x00d1be52                _main
 .text._gc_before
                0x00d1bf67        0x4 obj/COMICS.o
 .text._gc_after
                0x00d1bf6b       0x16 obj/COMICS.o
 .text._render_init
                0x00d1bf81       0xc9 obj/COMICS.o
                0x00d1bf81                _render_init
 .text._render_free
                0x00d1c04a       0x41 obj/COMICS.o
                0x00d1c04a                _render_free
 .text._render_reset
                0x00d1c08b       0x65 obj/COMICS.o
                0x00d1c08b                _render_reset
 .text._render_band
                0x00d1c0f0      0x190 obj/COMICS.o
                0x00d1c0f0                _render_band
 .text._render_set_palette
                0x00d1c280       0x3e obj/COMICS.o
                0x00d1c280                _render_set_palette
 .text._render_view
                0x00d1c2be      0x3ef obj/COMICS.o
                0x00d1c2be                _render_view
 .text._ui_set_chrome_palette
                0x00d1c6ad       0x89 obj/COMICS.o
                0x00d1c6ad                _ui_set_chrome_palette
 .text._set_ramp
                0x00d1c736      0x17a obj/COMICS.o
 .text._ui_present
                0x00d1c8b0       0x1e obj/COMICS.o
                0x00d1c8b0                _ui_present
 .text._ui_header
                0x00d1c8ce       0x4d obj/COMICS.o
                0x00d1c8ce                _ui_header
 .text._ui_footer
                0x00d1c91b       0x54 obj/COMICS.o
                0x00d1c91b                _ui_footer
 .text._ui_draw_title
                0x00d1c96f      0x14f obj/COMICS.o
                0x00d1c96f                _ui_draw_title
 .text._ui_message
                0x00d1cabe       0x81 obj/COMICS.o
                0x00d1cabe                _ui_message
 .text._ui_confirm
                0x00d1cb3f       0xa4 obj/COMICS.o
                0x00d1cb3f                _ui_confirm
 .text._ui_book_menu
                0x00d1cbe3      0x378 obj/COMICS.o
                0x00d1cbe3                _ui_book_menu
 .text._list_move
                0x00d1cf5b       0xa9 obj/COMICS.o
 .text._draw_row_background
                0x00d1d004       0x5e obj/COMICS.o
 .text._draw_scrollbar
                0x00d1d062       0xa3 obj/COMICS.o
 .text._list_navigate
                0x00d1d105       0x64 obj/COMICS.o
 .text._ui_strip_menu
                0x00d1d169      0x33d obj/COMICS.o
                0x00d1d169                _ui_strip_menu
 .text._ui_about_screen
                0x00d1d4a6      0x1f6 obj/COMICS.o
                0x00d1d4a6                _ui_about_screen
 .text._ui_setup_screen
                0x00d1d69c      0x2d2 obj/COMICS.o
                0x00d1d69c                _ui_setup_screen
 .text._ui_sync_run
                0x00d1d96e       0x97 obj/COMICS.o
                0x00d1d96e                _ui_sync_run
 .text._sync_draw
                0x00d1da05      0x148 obj/COMICS.o
 .text._sync_progress
                0x00d1db4d       0xf9 obj/COMICS.o
 .text._sync_line
                0x00d1dc46       0x6f obj/COMICS.o
 .text._proto_run
                0x00d1dcb5      0x5fb obj/COMICS.o
                0x00d1dcb5                _proto_run
 .text._gc_before.48
                0x00d1e2b0       0xa9 obj/COMICS.o
 .text._gc_after.49
                0x00d1e359       0x71 obj/COMICS.o
 .text._handle_event
                0x00d1e3ca       0xd1 obj/COMICS.o
 .text._execute
                0x00d1e49b      0x3e4 obj/COMICS.o
 .text._answer  0x00d1e87f       0x87 obj/COMICS.o
 .text._store   0x00d1e906       0x85 obj/COMICS.o
 .text._viewer_run
                0x00d1e98b      0xb23 obj/COMICS.o
                0x00d1e98b                _viewer_run
 .text._clamp   0x00d1f4ae       0x85 obj/COMICS.o
 .text._pan     0x00d1f533      0x11b obj/COMICS.o
 .text._npf_vpprintf
                0x00d1f64e     0x1775 obj/COMICS.o
                0x00d1f64e                _npf_vpprintf
 .text._NPF_PUTC_IMPL
                0x00d20dc3       0x2d obj/COMICS.o
 .text._npf_utoa_rev
                0x00d20df0       0xe6 obj/COMICS.o
 .text._vsnprintf
                0x00d20ed6       0x88 obj/COMICS.o
                0x00d20ed6                _vsnprintf
 .text._npf_bufputc
                0x00d20f5e       0x25 obj/COMICS.o
 .text._npf_bufputc_nop
                0x00d20f83        0x7 obj/COMICS.o
 .text._snprintf
                0x00d20f8a       0x28 obj/COMICS.o
                0x00d20f8a                _snprintf
 .text._sprintf
                0x00d20fb2       0x29 obj/COMICS.o
                0x00d20fb2                _sprintf
 .text.__bctlz  0x00d20fdb       0x22 obj/COMICS.o
                0x00d20fdb                __bctlz
 .text.__sctlz  0x00d20ffd        0xc obj/COMICS.o
                0x00d20ffd                __sctlz
 .text.__ictlz  0x00d21009       0x12 obj/COMICS.o
                0x00d21009                __ictlz
 .text.__llctlz
                0x00d2101b        0xe obj/COMICS.o
                0x00d2101b                __llctlz
 .text.__i48ctlz
                0x00d21029       0x15 obj/COMICS.o
                0x00d21029                __i48ctlz
 .text._time    0x00d2103e       0x82 obj/COMICS.o
                0x00d2103e                _time
 .text._mktime  0x00d210c0      0x105 obj/COMICS.o
                0x00d210c0                _mktime
 .text._malloc  0x00d211c5       0xc2 /tmp/claude-1000/-home-walter-Documents-Git-eBookSync/72f27f4f-dd2a-4f0b-8ac7-4a2f6a2c0790/scratchpad/CEdev/lib/libc/allocator_standard.a(allocator_standard.o)
                0x00d211c5                _malloc
 .text._free    0x00d21287       0xbd /tmp/claude-1000/-home-walter-Documents-Git-eBookSync/72f27f4f-dd2a-4f0b-8ac7-4a2f6a2c0790/scratchpad/CEdev/lib/libc/allocator_standard.a(allocator_standard.o)
                0x00d21287                _free
 *(.gnu.warning)

.rodata         0x00d21344      0x9d7
 *(.rodata .rodata.* .gnu.linkonce.r.*)
 .rodata._proto_run
                0x00d21344        0xc obj/COMICS.o
 .rodata._execute
                0x00d21350       0x1b obj/COMICS.o
 .rodata._.str  0x00d2136b        0x9 obj/COMICS.o
 .rodata._.str.2.4
                0x00d21374        0x3 obj/COMICS.o
 .rodata._.str.5
                0x00d21377       0x18 obj/COMICS.o
 .rodata._.str.1.6
                0x00d2138f       0x1e obj/COMICS.o
 .rodata._.str.15
                0x00d213ad        0xe obj/COMICS.o
 .rodata._.str.1.16
                0x00d213bb       0x1c obj/COMICS.o
 .rodata._.str.2.19
                0x00d213d7        0x6 obj/COMICS.o
 .rodata._.str.3
                0x00d213dd        0xf obj/COMICS.o
 .rodata._.str.4
                0x00d213ec       0x23 obj/COMICS.o
 .rodata._.str.5.20
                0x00d2140f        0x6 obj/COMICS.o
 .rodata._.str.6
                0x00d21415       0x2b obj/COMICS.o
 .rodata._.str.7
                0x00d21440        0x7 obj/COMICS.o
 .rodata._.str.8
                0x00d21447        0x2 obj/COMICS.o
 .rodata._.str.9
                0x00d21449        0x4 obj/COMICS.o
 .rodata._.str.10
                0x00d2144d       0x23 obj/COMICS.o
 .rodata._.str.11
                0x00d21470        0x6 obj/COMICS.o
 .rodata._about_text
                0x00d21476       0x93 obj/COMICS.o
 .rodata._.str.12
                0x00d21509       0x23 obj/COMICS.o
 .rodata._ui_setup_screen.entries
                0x00d2152c        0x6 obj/COMICS.o
 .rodata._.str.13
                0x00d21532       0x12 obj/COMICS.o
 .rodata._.str.14
                0x00d21544        0x9 obj/COMICS.o
 .rodata._.str.15.25
                0x00d2154d       0x1d obj/COMICS.o
 .rodata._.str.16
                0x00d2156a       0x1c obj/COMICS.o
 .rodata._.str.17
                0x00d21586       0x1f obj/COMICS.o
 .rodata._.str.18
                0x00d215a5        0xc obj/COMICS.o
 .rodata._.str.19
                0x00d215b1       0x23 obj/COMICS.o
 .rodata._.str.20
                0x00d215d4       0x1a obj/COMICS.o
 .rodata._.str.21
                0x00d215ee        0xc obj/COMICS.o
 .rodata._.str.22
                0x00d215fa       0x15 obj/COMICS.o
 .rodata._.str.23
                0x00d2160f       0x19 obj/COMICS.o
 .rodata._.str.24
                0x00d21628        0xc obj/COMICS.o
 .rodata._.str.25
                0x00d21634       0x19 obj/COMICS.o
 .rodata._.str.26
                0x00d2164d       0x1c obj/COMICS.o
 .rodata._.str.27
                0x00d21669        0xa obj/COMICS.o
 .rodata._.str.29
                0x00d21673       0x26 obj/COMICS.o
 .rodata._.str.30
                0x00d21699       0x28 obj/COMICS.o
 .rodata._.str.31
                0x00d216c1       0x29 obj/COMICS.o
 .rodata._.str.32
                0x00d216ea       0x25 obj/COMICS.o
 .rodata._.str.33
                0x00d2170f       0x22 obj/COMICS.o
 .rodata._.str.34
                0x00d21731       0x1c obj/COMICS.o
 .rodata._.str.35
                0x00d2174d        0xd obj/COMICS.o
 .rodata._.str.36
                0x00d2175a       0x29 obj/COMICS.o
 .rodata._.str.37
                0x00d21783       0x27 obj/COMICS.o
 .rodata._.str.38
                0x00d217aa       0x26 obj/COMICS.o
 .rodata._.str.39
                0x00d217d0       0x27 obj/COMICS.o
 .rodata._.str.40
                0x00d217f7       0x26 obj/COMICS.o
 .rodata._.str.41
                0x00d2181d       0x19 obj/COMICS.o
 .rodata._.str.42
                0x00d21836       0x23 obj/COMICS.o
 .rodata._.str.43
                0x00d21859       0x27 obj/COMICS.o
 .rodata._.str.44
                0x00d21880       0x29 obj/COMICS.o
 .rodata._.str.45
                0x00d218a9        0xc obj/COMICS.o
 .rodata._.str.46
                0x00d218b5        0x5 obj/COMICS.o
 .rodata._.str.47
                0x00d218ba        0xc obj/COMICS.o
 .rodata._.str.48
                0x00d218c6       0x18 obj/COMICS.o
 .rodata._.str.49
                0x00d218de       0x1d obj/COMICS.o
 .rodata._.str.50
                0x00d218fb       0x21 obj/COMICS.o
 .rodata._.str.51
                0x00d2191c       0x15 obj/COMICS.o
 .rodata._.str.52
                0x00d21931       0x11 obj/COMICS.o
 .rodata._.str.53
                0x00d21942        0xa obj/COMICS.o
 .rodata._.str.54
                0x00d2194c       0x22 obj/COMICS.o
 .rodata._.str.55
                0x00d2196e       0x11 obj/COMICS.o
 .rodata._.str.56
                0x00d2197f       0x22 obj/COMICS.o
 .rodata._.str.57
                0x00d219a1       0x16 obj/COMICS.o
 .rodata._.str.58
                0x00d219b7       0x11 obj/COMICS.o
 .rodata._.str.59
                0x00d219c8        0x8 obj/COMICS.o
 .rodata._.str.60
                0x00d219d0       0x21 obj/COMICS.o
 .rodata._.str.61
                0x00d219f1       0x23 obj/COMICS.o
 .rodata._.str.62
                0x00d21a14       0x20 obj/COMICS.o
 .rodata._.str.63
                0x00d21a34       0x12 obj/COMICS.o
 .rodata._.str.64
                0x00d21a46       0x24 obj/COMICS.o
 .rodata._.str.65
                0x00d21a6a       0x12 obj/COMICS.o
 .rodata._.str.66
                0x00d21a7c       0x16 obj/COMICS.o
 .rodata._.str.67
                0x00d21a92       0x13 obj/COMICS.o
 .rodata._.str.68
                0x00d21aa5       0x15 obj/COMICS.o
 .rodata._.str.69
                0x00d21aba       0x11 obj/COMICS.o
 .rodata._.str.70
                0x00d21acb       0x18 obj/COMICS.o
 .rodata._.str.71
                0x00d21ae3       0x1d obj/COMICS.o
 .rodata._.str.72
                0x00d21b00       0x15 obj/COMICS.o
 .rodata._.str.73
                0x00d21b15        0x3 obj/COMICS.o
 .rodata._.str.74
                0x00d21b18       0x15 obj/COMICS.o
 .rodata._.str.75
                0x00d21b2d        0x5 obj/COMICS.o
 .rodata._.str.1.46
                0x00d21b32        0x6 obj/COMICS.o
 .rodata._.str.2.47
                0x00d21b38        0x2 obj/COMICS.o
 .rodata._.str.3.81
                0x00d21b3a        0x2 obj/COMICS.o
 .rodata._.str.4.76
                0x00d21b3c       0x15 obj/COMICS.o
 .rodata._.str.5.78
                0x00d21b51        0xa obj/COMICS.o
 .rodata._.str.6.79
                0x00d21b5b        0x9 obj/COMICS.o
 .rodata._.str.7.80
                0x00d21b64        0x9 obj/COMICS.o
 .rodata._.str.8.77
                0x00d21b6d        0xa obj/COMICS.o
 .rodata._switch.table.proto_run
                0x00d21b77        0x9 obj/COMICS.o
 .rodata._.str.84
                0x00d21b80       0x18 obj/COMICS.o
 .rodata._.str.1.85
                0x00d21b98       0x1e obj/COMICS.o
 .rodata._.str.2.88
                0x00d21bb6        0xe obj/COMICS.o
 .rodata._.str.3.86
                0x00d21bc4        0x6 obj/COMICS.o
 .rodata._.str.4.87
                0x00d21bca        0x1 obj/COMICS.o
 .rodata._npf_vpprintf
                0x00d21bcb      0x102 obj/COMICS.o
 .rodata._.str.1
                0x00d21ccd        0x4 obj/COMICS.o
 .rodata._.str.2
                0x00d21cd1        0x4 obj/COMICS.o
 .rodata._mktime.yday
                0x00d21cd5       0x24 obj/COMICS.o
 .rodata.libload
                0x00d21cf9       0x22 obj/crt0.o

.init_array     0x00d21d1b        0x0
                [!provide]                        PROVIDE (__init_array_start = .)
 *(.preinit_array)
 *(SORT_BY_INIT_PRIORITY(.init_array.*))
 *(.init_array)
                [!provide]                        PROVIDE (__init_array_end = .)

.fini_array     0x00d21d1b        0x0
                [!provide]                        PROVIDE (__fini_array_start = .)
 *(SORT_BY_INIT_PRIORITY(.fini_array.*))
 *(.fini_array)
                [!provide]                        PROVIDE (__fini_array_end = .)
                0x00d21d1b                        ___data_low = .

.data           0x00d21d1b        0x3
 *(.data .data.* .gnu.linkonce.d.*)
 .data._heap_ptr
                0x00d21d1b        0x3 /tmp/claude-1000/-home-walter-Documents-Git-eBookSync/72f27f4f-dd2a-4f0b-8ac7-4a2f6a2c0790/scratchpad/CEdev/lib/libc/allocator_standard.a(allocator_standard.o)
 *(.data1)
                0x00d21d1e                        ___runprgm_reloc_start = .
 *(.runprgm.reloc)
                0x00d21d1e                        ___runprgm_reloc_end = .
                0x00d21d1e                        ___data_high = .
                0x00000003                        ___data_len = (___data_high - ___data_low)
                0x00d052c6                        . = BSSHEAP_LOW
                0x00d052c6                        ___bss_low = .

.bss            0x00d052c6     0x10f3
 *(.dynbss)
 *(.bss .bss.* .gnu.linkonce.b.*)
 .bss._continuous
                0x00d052c6        0x1 obj/COMICS.o
 .bss._current  0x00d052c7        0x8 obj/COMICS.o
 .bss._previous
                0x00d052cf        0x8 obj/COMICS.o
 *fill*         0x00d052d7        0x1 
 .bss._repeat_key
                0x00d052d8        0x2 obj/COMICS.o
 .bss._repeat_frames
                0x00d052da        0x3 obj/COMICS.o
 .bss._index_data
                0x00d052dd        0x3 obj/COMICS.o
 .bss._strip_count
                0x00d052e0        0x2 obj/COMICS.o
 .bss._book_count
                0x00d052e2        0x2 obj/COMICS.o
 .bss._title_scratch
                0x00d052e4      0x4b0 obj/COMICS.o
 .bss._expand   0x00d05794      0x200 obj/COMICS.o
 .bss._cache_slots
                0x00d05994        0x1 obj/COMICS.o
 .bss._cache_data
                0x00d05995       0x24 obj/COMICS.o
 *fill*         0x00d059b9        0x1 
 .bss._cache_band
                0x00d059ba       0x18 obj/COMICS.o
 .bss._cache_used
                0x00d059d2       0x18 obj/COMICS.o
 .bss._cache_clock
                0x00d059ea        0x2 obj/COMICS.o
 .bss._sync_echo_mode
                0x00d059ec        0x1 obj/COMICS.o
 .bss._sync_chunks_received
                0x00d059ed        0x1 obj/COMICS.o
 .bss._sync_state
                0x00d059ee       0x20 obj/COMICS.o
 .bss._sync_progress.poll
                0x00d05a0e        0x1 obj/COMICS.o
 .bss._sync_progress.drawn_at
                0x00d05a0f        0x3 obj/COMICS.o
 .bss._sync_progress.drawn_requests
                0x00d05a12        0x2 obj/COMICS.o
 .bss._requests_handled
                0x00d05a14        0x2 obj/COMICS.o
 .bss._last_command
                0x00d05a16        0x1 obj/COMICS.o
 *fill*         0x00d05a17        0x1 
 .bss._link_errors
                0x00d05a18        0x2 obj/COMICS.o
 .bss._open_error
                0x00d05a1a        0x3 obj/COMICS.o
 .bss._loop_count
                0x00d05a1d        0x3 obj/COMICS.o
 .bss._bytes_moved
                0x00d05a20        0x3 obj/COMICS.o
 .bss._library_state
                0x00d05a23        0x1 obj/COMICS.o
 .bss._gc_count
                0x00d05a24        0x1 obj/COMICS.o
 .bss._serial_open
                0x00d05a25        0x1 obj/COMICS.o
 .bss._finished
                0x00d05a26        0x1 obj/COMICS.o
 .bss._closing  0x00d05a27        0x1 obj/COMICS.o
 .bss._link_state
                0x00d05a28        0x3 obj/COMICS.o
 .bss._header_have
                0x00d05a2b        0x1 obj/COMICS.o
 .bss._payload  0x00d05a2c        0x3 obj/COMICS.o
 .bss._serial   0x00d05a2f       0x3a obj/COMICS.o
 .bss._discard_scratch
                0x00d05a69      0x100 obj/COMICS.o
 .bss._cached_archive_free
                0x00d05b69        0x3 obj/COMICS.o
 .bss._cached_index
                0x00d05b6c        0x3 obj/COMICS.o
 *fill*         0x00d05b6f        0x1 
 .bss._cached_index_size
                0x00d05b70        0x2 obj/COMICS.o
 .bss._sequence
                0x00d05b72        0x1 obj/COMICS.o
 .bss._serial_buffer
                0x00d05b73      0x800 obj/COMICS.o
 .bss._header   0x00d06373        0x8 obj/COMICS.o
 .bss._command  0x00d0637b        0x1 obj/COMICS.o
 .bss._argument
                0x00d0637c        0x2 obj/COMICS.o
 .bss._payload_want
                0x00d0637e        0x4 obj/COMICS.o
 .bss._payload_have
                0x00d06382        0x4 obj/COMICS.o
 .bss._reply_header_sent
                0x00d06386        0x1 obj/COMICS.o
 .bss._reply_header
                0x00d06387        0x8 obj/COMICS.o
 .bss._reply_body_sent
                0x00d0638f        0x4 obj/COMICS.o
 .bss._reply_body_len
                0x00d06393        0x4 obj/COMICS.o
 .bss._reply_body
                0x00d06397        0x3 obj/COMICS.o
 .bss._reply_small
                0x00d0639a       0x10 obj/COMICS.o
 .bss._pc_cnt.0
                0x00d063aa        0x3 obj/COMICS.o
 .bss._pc_cnt.1
                0x00d063ad        0x3 obj/COMICS.o
 .bss._pc_cnt.2
                0x00d063b0        0x3 obj/COMICS.o
 .bss.__alloc_base
                0x00d063b3        0x6 /tmp/claude-1000/-home-walter-Documents-Git-eBookSync/72f27f4f-dd2a-4f0b-8ac7-4a2f6a2c0790/scratchpad/CEdev/lib/libc/allocator_standard.a(allocator_standard.o)
 *(COMMON)
                0x00d063b9                        ___bss_high = .
                0x000010f3                        ___bss_len = (___bss_high - ___bss_low)
                0x00000001                        ASSERT ((. <= BSSHEAP_HIGH), Error: BSS exceed BSSHEAP_HIGH limit)
                0x00d063b9                        ___heap_low = .
                0x00d13fd8                        . = BSSHEAP_HIGH
                0x00d13fd8                        ___heap_high = .

.runprgm
 *(.runprgm.reloc)

.debug_info
 *(.debug_info .debug_info.*)

.debug_abbrev
 *(.debug_abbrev .debug_abbrev.*)

.debug_line
 *(.debug_line .debug_line.*)

.debug_line_str
 *(.debug_line_str .debug_line_str.*)

.debug_str
 *(.debug_str .debug_str.*)

.debug_str_offsets
 *(.debug_str_offsets .debug_str_offsets.*)

.debug_addr
 *(.debug_addr .debug_addr.*)

.debug_aranges
 *(.debug_aranges .debug_aranges.*)

.debug_ranges
 *(.debug_ranges .debug_ranges.*)

.debug_rnglists
 *(.debug_rnglists .debug_rnglists.*)

.debug_loc
 *(.debug_loc .debug_loc.*)

.debug_loclists
 *(.debug_loclists .debug_loclists.*)

.debug_frame
 *(.debug_frame .debug_frame.*)

.debug_macro
 *(.debug_macro .debug_macro.*)

.debug_macinfo
 *(.debug_macinfo .debug_macinfo.*)

.debug_names
 *(.debug_names .debug_names.*)

.debug_pubnames
 *(.debug_pubnames .debug_pubnames.*)

.debug_pubtypes
 *(.debug_pubtypes .debug_pubtypes.*)

.debug_types
 *(.debug_types .debug_types.*)

.debug_sup
 *(.debug_sup .debug_sup.*)

.debug_cu_index
 *(.debug_cu_index .debug_cu_index.*)

.debug_tu_index
 *(.debug_tu_index .debug_tu_index.*)

.gdb_index
 *(.gdb_index)

.debug_gdb_scripts
 *(.debug_gdb_scripts)

.debug_abbrev.dwo
 *(.debug_abbrev.dwo .debug_abbrev.dwo.*)

.debug_info.dwo
 *(.debug_info.dwo .debug_info.dwo.*)

.debug_line.dwo
 *(.debug_line.dwo .debug_line.dwo.*)

.debug_loclists.dwo
 *(.debug_loclists.dwo .debug_loclists.dwo.*)

.debug_macro.dwo
 *(.debug_macro.dwo .debug_macro.dwo.*)

.debug_rnglists.dwo
 *(.debug_rnglists.dwo .debug_rnglists.dwo.*)

.debug_str.dwo
 *(.debug_str.dwo .debug_str.dwo.*)

.debug_str_offsets.dwo
 *(.debug_str_offsets.dwo .debug_str_offsets.dwo.*)

.eh_frame
 *(.eh_frame)

.eh_frame_hdr
 *(.eh_frame_hdr)

/DISCARD/
 *(.comment)
 *(.note*)
                [!provide]                        PROVIDE (___runprgm_reloc_len = (___runprgm_reloc_end - ___runprgm_reloc_start))
LOAD obj/COMICS.o
LOAD obj/crt0.o
START GROUP
LOAD /tmp/claude-1000/-home-walter-Documents-Git-eBookSync/72f27f4f-dd2a-4f0b-8ac7-4a2f6a2c0790/scratchpad/CEdev/lib/libc/allocator_standard.a
LOAD /tmp/claude-1000/-home-walter-Documents-Git-eBookSync/72f27f4f-dd2a-4f0b-8ac7-4a2f6a2c0790/scratchpad/CEdev/lib/crt/libcrt.a
LOAD /tmp/claude-1000/-home-walter-Documents-Git-eBookSync/72f27f4f-dd2a-4f0b-8ac7-4a2f6a2c0790/scratchpad/CEdev/lib/ce/libce.a
LOAD /tmp/claude-1000/-home-walter-Documents-Git-eBookSync/72f27f4f-dd2a-4f0b-8ac7-4a2f6a2c0790/scratchpad/CEdev/lib/softfloat/libsoftfloat.a
LOAD /tmp/claude-1000/-home-walter-Documents-Git-eBookSync/72f27f4f-dd2a-4f0b-8ac7-4a2f6a2c0790/scratchpad/CEdev/lib/libc/libc_os.a
LOAD /tmp/claude-1000/-home-walter-Documents-Git-eBookSync/72f27f4f-dd2a-4f0b-8ac7-4a2f6a2c0790/scratchpad/CEdev/lib/libcxx/libcxx.a
END GROUP
OUTPUT(bin/COMICS.obj elf32-z80)
